jsont: [01;31mError[m: Expected [1mJSON value[0m but found [1m][0m
              File "invalid-array2.json", line 1, characters 7-8:
              File "invalid-array2.json", line 1, characters 7-8: at index [1m3[0m of
              File "invalid-array2.json", line 1, characters 0-8: [1marray<json>[0m
